
> vite_react_shadcn_ts@0.0.0 build
> vite build

vite v5.4.19 building for production...
transforming...
Browserslist: browsers data (caniuse-lite) is 9 months old. Please run:
  npx update-browserslist-db@latest
  Why you should do it regularly: https://github.com/browserslist/update-db#readme
