file:///root/softwarewalanet-revert/tests/security/security-tests.js:5
Object.defineProperty(exports, "__esModule", { value: true });
                      ^

ReferenceError: exports is not defined in ES module scope
This file is being treated as an ES module because it has a '.js' file extension and '/root/softwarewalanet-revert/package.json' contains "type": "module". To treat it as a CommonJS script, rename it to use the '.cjs' file extension.
    at file:///root/softwarewalanet-revert/tests/security/security-tests.js:5:23
    at ModuleJob.run (node:internal/modules/esm/module_job:325:25)
    at async ModuleLoader.import (node:internal/modules/esm/loader:606:24)
    at async asyncRunEntryPointWithESMLoader (node:internal/modules/run_main:117:5)

Node.js v20.20.0
